// Jest Snapshot v1, https://goo.gl/fbAQLP

exports[`LsController (e2e) /folder-content (GET) 1`] = `
Object {
  "filesCount": 3,
  "items": Array [
    Object {
      "lastModified": "2020-12-22T19:53:21.834Z",
      "name": "folder01",
      "size": 0,
      "type": "folder",
    },
    Object {
      "lastModified": "2020-12-22T19:53:21.834Z",
      "name": "folder1",
      "size": 0,
      "type": "folder",
    },
    Object {
      "lastModified": "2020-12-22T19:53:21.834Z",
      "name": "aa.txt",
      "size": 2,
      "type": "file",
    },
    Object {
      "lastModified": "2020-12-22T19:53:21.834Z",
      "name": "b.txt",
      "size": 18,
      "type": "file",
    },
    Object {
      "lastModified": "2020-12-22T19:53:21.830Z",
      "name": "a.txt",
      "size": 929,
      "type": "file",
    },
  ],
  "subfoldersCount": 2,
  "totalSize": 949,
}
`;
